[?7h[40m[2J[2C[0;1mжддддд© рдд© ждд© рдд© ждд© рдд© рдд© рдд© ╥  жд©   [0mрдд© ждд© дрд р    р  б
  [1m╨[7Cгд   гдд╢ гд   гдд╢ гдбы гд   гдбы ╫  сд©   [0m╨  Ё гдд╢  ╨  ╨    сдд╢
  [1mсддддд© пдды п  а п    п  а п а  пдды п а    сдды   [0mпдды п  а дпд пдды сдды
[8C[1mЁ [33mдддддддддддддддддддддддддддддддддддд [37mNews from the depths, daily. [33mд
  [37mсддддды[0m
