[?7h[40m[2J[1C[0;1;35mДДДД[0;35mДДДДДДДДДДДДДДДДДДДДД[1m[[37mPort Victoria Scores[35m][0;35mДДДДДДДДД[1mД[37mД[35mДДД ДДД[0;35mДДДДДДД[1mДДД[37mДД[35mД
   [36mPlayer Name[50C[33mScore
 [35mДД[0;35mДДДДДДДДД[1mДДДДД[37mДД[35mДДД[0;35mДДДДДДДДДДДДДДДДДДДД[1mД[37mД[35mДДДДДД[0;35mДДДДДДДД[1mДДДД ДДД[37mД[35mДД[0;35mДДДДДДД[1mД[37mД[35mД[0m
